#-----------------------------------------------------------
# Vivado v2021.2 (64-bit)
# SW Build 3367213 on Tue Oct 19 02:48:09 MDT 2021
# IP Build 3369179 on Thu Oct 21 08:25:16 MDT 2021
# Start of session at: Fri Mar 25 18:54:24 2022
# Process ID: 19604
# Current directory: C:/Users/user/Desktop/All_File/Lecture/Freashman/Second_Semester/Logic_Design_Experiment/Experiment/lab05/lab05_1
# Command line: vivado.exe -gui_launcher_event rodinguilauncherevent8576 C:\Users\user\Desktop\All_File\Lecture\Freashman\Second_Semester\Logic_Design_Experiment\Experiment\lab05\lab05_1\lab05_1.xpr
# Log file: C:/Users/user/Desktop/All_File/Lecture/Freashman/Second_Semester/Logic_Design_Experiment/Experiment/lab05/lab05_1/vivado.log
# Journal file: C:/Users/user/Desktop/All_File/Lecture/Freashman/Second_Semester/Logic_Design_Experiment/Experiment/lab05/lab05_1\vivado.jou
# Running On: Andy-laptop, OS: Windows, CPU Frequency: 3194 MHz, CPU Physical cores: 16, Host memory: 16487 MB
#-----------------------------------------------------------
start_gui
open_project C:/Users/user/Desktop/All_File/Lecture/Freashman/Second_Semester/Logic_Design_Experiment/Experiment/lab05/lab05_1/lab05_1.xpr
file mkdir C:/Users/user/Desktop/All_File/Lecture/Freashman/Second_Semester/Logic_Design_Experiment/Experiment/lab05/lab05_1/lab05_1.srcs/sources_1/new
close [ open C:/Users/user/Desktop/All_File/Lecture/Freashman/Second_Semester/Logic_Design_Experiment/Experiment/lab05/lab05_1/lab05_1.srcs/sources_1/new/40sec_down_counter.v w ]
add_files C:/Users/user/Desktop/All_File/Lecture/Freashman/Second_Semester/Logic_Design_Experiment/Experiment/lab05/lab05_1/lab05_1.srcs/sources_1/new/40sec_down_counter.v
update_compile_order -fileset sources_1
